gpu-a07:91822:91822 [0] NCCL INFO Bootstrap : Using eth0:192.168.40.17<0>
gpu-a07:91822:91822 [0] NCCL INFO NET/Plugin: Could not find: libnccl-net.so. Using internal network plugin.
gpu-a07:91822:91822 [0] NCCL INFO cudaDriverVersion 12040
NCCL version 2.21.5+cuda12.4
gpu-a07:91822:91822 [0] NCCL INFO NCCL version 2.21.5+cuda12.4
gpu-a07:91822:91871 [0] NCCL INFO NCCL_IB_GID_INDEX set by environment to 3.
gpu-a07:91822:91871 [0] NCCL INFO NET/IB : Using [0]mlx5_0:1/RoCE [1]mlx5_1:1/RoCE [RO]; OOB eth0:192.168.40.17<0>
gpu-a07:91822:91871 [0] NCCL INFO Using non-device net plugin version 0
gpu-a07:91822:91871 [0] NCCL INFO Using network IB
gpu-a07:91822:91871 [0] NCCL INFO ncclCommInitRank comm 0x5603c1d2a8f0 rank 0 nranks 16 cudaDev 0 nvmlDev 0 busId 1b000 commId 0x1d0e9a7c3b2f4e51 - Init START
gpu-a07:91822:91871 [0] NCCL INFO Setting affinity for GPU 0 to ffffffff,00000000,ffffffff
gpu-a07:91822:91871 [0] NCCL INFO comm 0x5603c1d2a8f0 rank 0 nRanks 16 nNodes 2 localRanks 8 localRank 0 MNNVL 0
gpu-a07:91822:91871 [0] NCCL INFO Channel 00/04 :    0   1   2   3   4   5   6   7   8   9  10  11  12  13  14  15
gpu-a07:91822:91871 [0] NCCL INFO Channel 00/0 : 15[7] -> 0[0] [receive] via NET/IB/0/GDRDMA
gpu-a07:91822:91871 [0] NCCL INFO Channel 02/0 : 15[7] -> 0[0] [receive] via NET/IB/1/GDRDMA
gpu-a07:91822:91871 [0] NCCL INFO Channel 00/0 : 0[0] -> 1[1] via P2P/CUMEM/read
gpu-a07:91822:91871 [0] NCCL INFO Channel 01/0 : 0[0] -> 1[1] via P2P/CUMEM/read
gpu-a07:91822:91871 [0] NCCL INFO Channel 02/0 : 0[0] -> 1[1] via P2P/CUMEM/read
gpu-a07:91822:91878 [7] NCCL INFO Channel 00/0 : 7[7] -> 8[0] [send] via NET/IB/0/GDRDMA
gpu-a07:91822:91878 [7] NCCL INFO Channel 02/0 : 7[7] -> 8[0] [send] via NET/IB/1
gpu-a07:91822:91871 [0] NCCL INFO Connected all rings
gpu-a07:91822:91871 [0] NCCL INFO Connected all trees
gpu-a07:91822:91871 [0] NCCL INFO ncclCommInitRank comm 0x5603c1d2a8f0 rank 0 nranks 16 cudaDev 0 nvmlDev 0 busId 1b000 commId 0x1d0e9a7c3b2f4e51 - Init COMPLETE
